/sbin/xpto dois
/usr/bin/xpto quatro
/usr/local/def tres
/usr/local/abc um
/sbin/xpto dois
/usr/local/def tres
/usr/local cinco
